// Jest Snapshot v1, https://goo.gl/fbAQLP

exports[`ListPage renders ListPage 1`] = `
<DocumentFragment>
  <ul
    data-testid="list"
  >
    <li>
      <a
        href="/Ryan"
      >
        <figure>
          <h1>
            Ryan
          </h1>
          <img
            src="Test"
          />
          <h3>
            Anxiety
          </h3>
          <h3>
            Serf
          </h3>
          <h3>
            Alchemy
          </h3>
        </figure>
      </a>
    </li>
  </ul>
</DocumentFragment>
`;
